
 Start time: 14:25.44 (18-03-2005)

                         ____________________________
                        |                            |
                        |  E M P I R E  -  2.19.b24  |
                        |                            |
                        |  marching towards LODI ;-) |
                        |____________________________|
  
  
 Following options/parameters have been used
 -------------------------------------------
  
 Main calculations output control set to  3
 EMPIRE-specific level densities were selected 
 Number of energy steps in the integration set to  80
 Optical model parameters for ejectile 1 set to RIPL # 221
 Optical model parameters for direct inelastic scattering set  to RIPL #2004
 Coupled Channels (ECIS) used for direct inelastic scattering
 E1 strength function as in EMPIRE v2.18 (EGLO)
 GDR parameters from RIPL-2/Plujko systematics
  
  
  
                       Use of preequilibrium models 
                       ---------------------------- 
  
 Exit channel       ECIS       MSD       MSC      DEGAS      HMS      PCROSS
  
 neut. disc.          1         0         0         0         0         0
 neut. cont.          0         0         0         0         0         0
 prot. disc.          0         0         0         0         0         0
 prot. cont.          0         0         0         0         0         0
 gammas               0         0         0         0         0         0
 alpha cont.          0         0         0         0         0         0
  
  
 Level density systematics normalized by factor   1.14039627
  
  WARNING: E(2+) level is not contained in Raman 2001 database (RIPL-2)
  WARNING: Default dynamical deformations 0.15(2+) will be used
  WARNING: E(3-) level is not contained in Kibedi database (RIPL-2)
  WARNING: Default dynamical deformations 0.05(3-) will be used

 Collective levels selected automatically from available target levels (symm.rotational mod
 Dyn.deformations are not used in symm.rot.model (  N < 50 for coupled levels )
  63 153     nucleus is treated as deformed

    Ncoll  Lmax IDef  Kgs  (Def(1,j),j=2,IDef,2)
      11    4    4   2.5  0.150E+00  0.000E+00

  N   E[MeV]  J   pi Nph L  K  Dyn.Def.
  1  0.0000  2.5  1.  0  0  0  0.100E-01
  2  0.0834  3.5  1.  0  0  0  0.100E-01
  7  0.1931  4.5  1.  0  0  0  0.100E-01
 11  0.3251  5.5  1.  0  0  0  0.100E-01
 17  0.4810  6.5  1.  0  0  0  0.100E-01
 53  0.0974  2.5 -1.  0  0  0  0.500E-01
 55  0.1516  3.5 -1.  0  0  0  0.500E-01
 58  0.2353  4.5 -1.  0  0  0  0.500E-01
 59  0.2697  3.5  1.  0  0  0  0.100E-01
 74  0.6172  3.5  1.  0  0  0  0.100E-01
 78  0.6547  7.5  1.  0  0  0  0.375E-01
  
  
  
 ============================================================
 Reaction   1n +153Eu at incident energy  1.00     MeV
 ============================================================
  
 Compound nucleus energy    7.435 MeV
 Projectile binding energy   6.442 MeV
  
 Total number of nuclei considered  7
  


          B i n d i n g    e n e r g i e s

    Nucleus          1n        1p        4He

  63-Eu-154         6.442     6.468     0.566
  63-Eu-153         8.550     5.893    -0.274


    Nucleus         Shell Corr.  Deform.
                      (J=0)       (J=0)    

  63-Eu-154           1.262       0.262
  63-Eu-153           1.367       0.252
  62-Sm-153           1.323       0.261
  61-Pm-150           1.508       0.224
  61-Pm-149           1.425       0.216

  inelastic o. m. parameters: RIPL catalog number  2004
  neutron   o. m. parameters: RIPL catalog number  221
  proton    o. m. parameters: RIPL catalog number  5405
  alpha     o. m. parameters: RIPL catalog number  9600

  C.M. incident energy .99345     MeV
 RIPL-2 GDR parameters used
 Gamma transitions parameters

          E1            E2            M1 

 TE       1.00         1.00         1.00
 CE       0.010        0.100        0.100
 E1      12.26        11.78         7.67
 W1       2.66         4.27         4.00
 D1     200.34         3.61         1.00
 E2      15.56
 W2       4.90
 D2     240.49

       (1-TE)*Weiss. + TE*GMR


  CC transmission coefficients used for fusion determination
  
  
  Results provided by Coupled Channel calculations
  Inelastic scattering results provided by
  Coupled Channel + DWBA calculations
  

  Total cross section         : 0.7297449E+04 mb
  Absorption cross section    : 0.3301590E+04 mb
  Shape elastic cross section : 0.3995859E+04 mb


                                               SHAPE ELASTIC DIFFERENTIAL CROSS-SECTION
                                               ****************************************
                                                         CENTER-OF-MASS SYSTEM



          TETA   D.SIGMA/D.OMEGA          TETA   D.SIGMA/D.OMEGA          TETA   D.SIGMA/D.OMEGA          TETA   D.SIGMA/D.OMEGA

       0.00000E+00   2.09992E+03       2.50000E+00   2.09351E+03       5.00000E+00   2.07439E+03       7.50000E+00   2.04287E+03
       1.00000E+01   1.99945E+03       1.25000E+01   1.94482E+03       1.50000E+01   1.87983E+03       1.75000E+01   1.80550E+03
       2.00000E+01   1.72296E+03       2.25000E+01   1.63342E+03       2.50000E+01   1.53820E+03       2.75000E+01   1.43862E+03
       3.00000E+01   1.33605E+03       3.25000E+01   1.23183E+03       3.50000E+01   1.12725E+03       3.75000E+01   1.02355E+03
       4.00000E+01   9.21892E+02       4.25000E+01   8.23309E+02       4.50000E+01   7.28734E+02       4.75000E+01   6.38968E+02
       5.00000E+01   5.54672E+02       5.25000E+01   4.76368E+02       5.50000E+01   4.04437E+02       5.75000E+01   3.39123E+02
       6.00000E+01   2.80539E+02       6.25000E+01   2.28673E+02       6.50000E+01   1.83404E+02       6.75000E+01   1.44511E+02
       7.00000E+01   1.11687E+02       7.25000E+01   8.45576E+01       7.50000E+01   6.26907E+01       7.75000E+01   4.56158E+01
       8.00000E+01   3.28376E+01       8.25000E+01   2.38503E+01       8.50000E+01   1.81504E+01       8.75000E+01   1.52495E+01
       9.00000E+01   1.46841E+01       9.25000E+01   1.60249E+01       9.50000E+01   1.88840E+01       9.75000E+01   2.29206E+01
       1.00000E+02   2.78442E+01       1.02500E+02   3.34171E+01       1.05000E+02   3.94543E+01       1.07500E+02   4.58223E+01
       1.10000E+02   5.24357E+01       1.12500E+02   5.92535E+01       1.15000E+02   6.62731E+01       1.17500E+02   7.35241E+01
       1.20000E+02   8.10606E+01       1.22500E+02   8.89538E+01       1.25000E+02   9.72837E+01       1.27500E+02   1.06131E+02
       1.30000E+02   1.15570E+02       1.32500E+02   1.25660E+02       1.35000E+02   1.36439E+02       1.37500E+02   1.47921E+02
       1.40000E+02   1.60087E+02       1.42500E+02   1.72887E+02       1.45000E+02   1.86235E+02       1.47500E+02   2.00011E+02
       1.50000E+02   2.14061E+02       1.52500E+02   2.28205E+02       1.55000E+02   2.42235E+02       1.57500E+02   2.55925E+02
       1.60000E+02   2.69037E+02       1.62500E+02   2.81330E+02       1.65000E+02   2.92563E+02       1.67500E+02   3.02509E+02
       1.70000E+02   3.10961E+02       1.72500E+02   3.17736E+02       1.75000E+02   3.22686E+02       1.77500E+02   3.25702E+02
       1.80000E+02   3.26714E+02



  
  Angle        2-level       7-level      11-level      17-level
  
    0.     0.163495E+02  0.562530E+01  0.130154E+01  0.399304E+00
   10.     0.162155E+02  0.557898E+01  0.128967E+01  0.395912E+00
   20.     0.158829E+02  0.546048E+01  0.125554E+01  0.386209E+00
   30.     0.155323E+02  0.532319E+01  0.120361E+01  0.371578E+00
   40.     0.153811E+02  0.523232E+01  0.114103E+01  0.354146E+00
   50.     0.155859E+02  0.523693E+01  0.107666E+01  0.336417E+00
   60.     0.161569E+02  0.534537E+01  0.101934E+01  0.320768E+00
   70.     0.169210E+02  0.551397E+01  0.976122E+00  0.308971E+00
   80.     0.175546E+02  0.565581E+01  0.951262E+00  0.302004E+00
   90.     0.176850E+02  0.566944E+01  0.946285E+00  0.300169E+00
  100.     0.170347E+02  0.547968E+01  0.960790E+00  0.303378E+00
  110.     0.155562E+02  0.507555E+01  0.993093E+00  0.311337E+00
  120.     0.134953E+02  0.452656E+01  0.104026E+01  0.323485E+00
  130.     0.113294E+02  0.396325E+01  0.109773E+01  0.338788E+00
  140.     0.957716E+01  0.352339E+01  0.115923E+01  0.355619E+00
  150.     0.856020E+01  0.328723E+01  0.121736E+01  0.371889E+00
  160.     0.825290E+01  0.323925E+01  0.126485E+01  0.385415E+00
  170.     0.833199E+01  0.328466E+01  0.129583E+01  0.394341E+00
  180.     0.841433E+01  0.331540E+01  0.130657E+01  0.397456E+00
  
           0.185913E+03  0.622464E+02  0.133428E+02  0.416183E+01
  
  
  
  
  
  Compound nucleus 154-Eu spin distribution
  -----------------------------------------
  
     0  34.243             0 0.72852    
     1  206.63            -1  33.881    
     2  564.50            -2  105.66    
     3  790.30            -3  147.95    
     4  623.38            -4  101.69    
     5  385.24            -5  16.085    
     6  10.122            -6  9.5391    
     7  5.8412            -7 0.78946E-01
  
   Fusion cross section =   3301.59     mb including
   CC+DWBA inelastic to discrete levels =   265.664     mb
   Spin distribution calculated using CC transmission coefficients
  
  
  -------------------------------------
  1  Decaying nucleus 154-Eu
  -------------------------------------
  
 Gamma transitions parameters

          E1            E2            M1 

 TE       1.00         1.00         1.00
 CE       0.010        0.100        0.100
 E1      12.13        11.76         7.65
 W1       2.60         4.26         4.00
 D1     206.38         3.60         1.00
 E2      15.54
 W2       4.87
 D2     244.04

       (1-TE)*Weiss. + TE*GMR


  
  Preequilibrium spectra (sum of all models):



 ****************************************************** neutron spectrum  ******************************************************


 Ener.      Spectr.     .1E+02                         .1E+03                         .1E+04                         .1E+05
  MeV       mb/MeV      I                              I                              I                              I 
                        ---------------------------------------------------------------------------------------------
   0.00    0.0000E+00  I                                                                                              I 
   0.10    0.0000E+00  I                                                                                              I 
   0.19    0.0000E+00  I                                                                                              I 
   0.29    0.0000E+00  I                                                                                              I 
   0.38    0.0000E+00  I                                                                                              I 
   0.48    0.2819E+02  I **************                                                                               I 
   0.57    0.1799E+02  I ********                                                                                     I 
   0.67    0.1366E+03  I ***********************************                                                          I 
   0.77    0.4167E+03  I **************************************************                                           I 
   0.86    0.1195E+04  I ****************************************************************                             I 
   0.96    0.9799E+03  I **************************************************************                               I 
   1.05    0.0000E+00  I                                                                                              I 
   1.15    0.0000E+00  I                                                                                              I 
                        ---------------------------------------------------------------------------------------------
  Integrated spectrum   265.664225 mb
  

 Population left because too small   0.0000    


          Discrete level population

          ----------------------------------------

           1    0.0000   -1     3.0    9.98058    
           2    0.0682    1     2.0    5.77111    
           3    0.0719    1     1.0    3.51388    
           4    0.0807   -1     4.0    7.60030    
           5    0.0828   -1     1.0    3.39662    
           6    0.0999    1     3.0    6.22712    
           7    0.1009    1     4.0    6.94180    
           8    0.1226   -1     2.0    4.25967    
           9    0.1274    1     4.0    5.88470    
          10    0.1297   -1     4.0    5.68906    
          11    0.1348    1     1.0    2.46988    
          12    0.1367    1     5.0    6.19351    
          13    0.1453   -1     8.0    2.11464    
          14    0.1624   -1     1.0    2.19198    
          15    0.1736   -1     3.0    3.89435    
          16    0.1755   -1     5.0    4.90735    
          17    0.1807   -1     5.0    4.72408    
          18    0.1808   -1     2.0    3.08831    
          19    0.1851    1     2.0    2.93781    
          20    0.1923    1     5.0    4.18852    
          21    0.1961    1     5.0    4.07723    
          22    0.2038    1     4.0    3.64581    
          23    0.2141   -1     3.0    3.12302    
          24    0.2195   -1     2.0    2.50332    
          25    0.2298   -1     5.0    3.32584    
          26    0.2309   -1     4.0    3.12589    
          27    0.2353   -1     4.0    3.04821    
          28    0.2393   -1     3.0    2.73107    
          29    0.2494    1     2.0    2.04433    
          30    0.2518    1     3.0    2.54210    
          31    0.2552    1     4.0    2.67295    
          32    0.2582    1     6.0    2.82525    
          33    0.2729   -1     5.0    2.48372    
          34    0.2767    1     7.0    1.62517    
          35    0.2785    1     2.0    1.75144    
          36    0.2790   -1     0.0   0.416291    
          37    0.2794   -1     4.0    2.38850    
          38    0.2817    1     4.0    2.29881    
          39    0.2828    1     2.0    1.71340    
          40    0.2869    1     1.0    1.07722    
          41    0.2928    1     6.0    2.07087    
          42    0.2940   -1     7.0    1.23611    
          43    0.2959    1     4.0    2.12668    
          44    0.2967    1     4.0    2.11826    
          45    0.2998   -1     6.0    1.88065    
          46    0.3100    1     3.0    1.86866    
          47    0.3113   -1     9.0   0.101289E-01
          48    0.3123   -1     5.0    1.94673    
          49    0.3153   -1     1.0   0.991602    
          50    0.3192    1     3.0    1.78579    
          51    0.3269    1     3.0    1.72074    
          52    0.3280   -1     4.0    1.86555    
          53    0.3323    1     5.0    1.69883    
          54    0.3348    1     2.0    1.32991    
          55    0.3358    1     3.0    1.64959    
          56    0.3381    1     4.0    1.71340    
          57    0.3421   -1     2.0    1.36753    
          58    0.3422    1     0.0   0.283608    
          59    0.3440    1     3.0    1.58736    
          60    0.3498    1     2.0    1.24228    




 ***************************
 Discrete gamma transitions 
 ***************************




     Decay of   0.3498 MeV    2.0 level with final population    1.2423     mb
     Level populated     E.gamma     Intensity  

      0.2828    2.0      0.0670       0.79121E-01 mb
      0.1736   -3.0      0.1762       0.12697     mb
      0.1226   -2.0      0.2273       0.10827     mb
      0.0828   -1.0      0.2670       0.20817     mb
      0.0719    1.0      0.2779       0.20819     mb


     Decay of   0.3440 MeV    3.0 level with final population    1.5874     mb
     Level populated     E.gamma     Intensity  

      0.1624   -1.0      0.1816       0.51454     mb


     Level of energy    0.3422 MeV and spin    0.0 with population   0.28361     mb is not depopulated (g.s. transition assumed)


     Decay of   0.3421 MeV   -2.0 level with final population    1.3675     mb
     Level populated     E.gamma     Intensity  

      0.2518    3.0      0.0903       0.35521E-01 mb
      0.2141   -3.0      0.1281       0.60728E-01 mb
      0.1808   -2.0      0.1613       0.12028     mb
      0.1736   -3.0      0.1685       0.12892     mb
      0.1624   -1.0      0.1797       0.16615E-01 mb
      0.1348    1.0      0.2074       0.28645     mb
      0.1226   -2.0      0.2196       0.12888E-01 mb
      0.0999    3.0      0.2422       0.20052     mb
      0.0719    1.0      0.2702       0.28640     mb


     Decay of   0.3381 MeV    4.0 level with final population    1.7134     mb
     Level populated     E.gamma     Intensity  

      0.1923    5.0      0.1458       0.17634     mb
      0.1755   -5.0      0.1626       0.19162E-01 mb
      0.1736   -3.0      0.1645       0.32968     mb
      0.1367    5.0      0.2014       0.84323E-01 mb
      0.1274    4.0      0.2107       0.38327E-01 mb
      0.1009    4.0      0.2372       0.76659     mb


     Decay of   0.3358 MeV    3.0 level with final population    1.6496     mb
     Level populated     E.gamma     Intensity  

      0.2785    2.0      0.0572       0.59345E-01 mb
      0.2518    3.0      0.0839       0.21761E-01 mb
      0.2309   -4.0      0.1049       0.37019E-01 mb
      0.1851    2.0      0.1507       0.13845E-01 mb
      0.1808   -2.0      0.1550       0.16114     mb
      0.1736   -3.0      0.1622       0.24304E-01 mb
      0.1274    4.0      0.2083       0.34759E-01 mb
      0.1226   -2.0      0.2132       0.16112     mb
      0.0999    3.0      0.2358       0.28257     mb
      0.0682    2.0      0.2676       0.11304     mb


     Decay of   0.3348 MeV    2.0 level with final population    1.3299     mb
     Level populated     E.gamma     Intensity  

      0.1851    2.0      0.1498       0.43008E-01 mb
      0.1624   -1.0      0.1724       0.81711E-01 mb
      0.0999    3.0      0.2349       0.18306     mb
      0.0828   -1.0      0.2520       0.61436     mb
      0.0719    1.0      0.2629       0.21509     mb
      0.0682    2.0      0.2667       0.86011E-01 mb


     Decay of   0.3323 MeV    5.0 level with final population    1.6988     mb
     Level populated     E.gamma     Intensity  

      0.2959    4.0      0.0364       0.18885     mb
      0.2309   -4.0      0.1014       0.17413E-01 mb
      0.2038    4.0      0.1285       0.36878E-01 mb
      0.1367    5.0      0.1956       0.14756     mb
      0.1274    4.0      0.2049       0.91464E-01 mb
      0.1009    4.0      0.2315       0.10769     mb


     Decay of   0.3280 MeV   -4.0 level with final population    1.8655     mb
     Level populated     E.gamma     Intensity  

      0.3100    3.0      0.0180       0.58632E-01 mb
      0.2393   -3.0      0.0887       0.13222     mb
      0.2038    4.0      0.1242       0.31524E-01 mb
      0.1755   -5.0      0.1525       0.20139     mb
      0.1009    4.0      0.2272       0.55311     mb
      0.0807   -4.0      0.2474       0.55321E-01 mb
      0.0000   -3.0      0.3280       0.30421E-01 mb


     Decay of   0.3269 MeV    3.0 level with final population    1.7207     mb
     Level populated     E.gamma     Intensity  

      0.1923    5.0      0.1346       0.11554     mb
      0.1736   -3.0      0.1533       0.33022E-01 mb
      0.1367    5.0      0.1902       0.17056     mb
      0.1297   -4.0      0.1972       0.67877E-01 mb
      0.1009    4.0      0.2260       0.91722     mb
      0.0999    3.0      0.2269       0.62374E-01 mb
      0.0000   -3.0      0.3269       0.18342E-01 mb


     Decay of   0.3192 MeV    3.0 level with final population    1.7858     mb
     Level populated     E.gamma     Intensity  

      0.2828    2.0      0.0364       0.11560     mb
      0.1274    4.0      0.1918       0.13548E-01 mb
      0.0807   -4.0      0.2385       0.12012     mb
      0.0000   -3.0      0.3192       0.90322     mb


     Decay of   0.3153 MeV   -1.0 level with final population   0.99160     mb
     Level populated     E.gamma     Intensity  

      0.1851    2.0      0.1303       0.87436E-01 mb
      0.1808   -2.0      0.1345       0.70790E-01 mb
      0.1226   -2.0      0.1928       0.57068E-01 mb
      0.0828   -1.0      0.2325       0.54173E-01 mb
      0.0719    1.0      0.2434       0.36118     mb
      0.0682    2.0      0.2471       0.24924     mb


     Decay of   0.3123 MeV   -5.0 level with final population    1.9467     mb
     Level populated     E.gamma     Intensity  

      0.1297   -4.0      0.1826        1.2744     mb
      0.1009    4.0      0.2114       0.25490     mb


     Decay of   0.3113 MeV   -9.0 level with final population   0.10129E-01 mb
     Level populated     E.gamma     Intensity  

      0.1453   -8.0      0.1660       0.69937E-02 mb


     Decay of   0.3100 MeV    3.0 level with final population    2.2382     mb
     Level populated     E.gamma     Intensity  

      0.2353   -4.0      0.0747       0.38731E-01 mb
      0.2309   -4.0      0.0791       0.33571E-01 mb
      0.1851    2.0      0.1249       0.53702E-01 mb
      0.1808   -2.0      0.1292       0.11825     mb
      0.1736   -3.0      0.1364       0.32013E-01 mb
      0.1348    1.0      0.1752       0.14976E-01 mb
      0.1274    4.0      0.1826       0.51639     mb
      0.1226   -2.0      0.1874       0.47502     mb
      0.0999    3.0      0.2100       0.23746     mb
      0.0000   -3.0      0.3100       0.34590     mb


     Decay of   0.2998 MeV   -6.0 level with final population    1.8807     mb
     Level populated     E.gamma     Intensity  

      0.1807   -5.0      0.1191       0.87881     mb


     Decay of   0.2967 MeV    4.0 level with final population    2.1183     mb
     Level populated     E.gamma     Intensity  

      0.2309   -4.0      0.0658        1.1312     mb


     Decay of   0.2959 MeV    4.0 level with final population    3.3187     mb
     Level populated     E.gamma     Intensity  

      0.2353   -4.0      0.0606       0.87395E-01 mb
      0.2038    4.0      0.0921       0.34101     mb
      0.1923    5.0      0.1036       0.59678E-01 mb
      0.1807   -5.0      0.1152       0.31985E-01 mb
      0.1367    5.0      0.1592       0.12575     mb
      0.1297   -4.0      0.1662       0.13286     mb
      0.1009    4.0      0.1951       0.71044     mb
      0.0999    3.0      0.1960       0.31973     mb
      0.0807   -4.0      0.2153       0.82418E-01 mb
      0.0000   -3.0      0.2959       0.46194E-01 mb


     Level of energy    0.2940 MeV and spin   -7.0 with population    1.2361     mb is not depopulated (g.s. transition assumed)


     Decay of   0.2928 MeV    6.0 level with final population    2.0709     mb
     Level populated     E.gamma     Intensity  

      0.2038    4.0      0.0890       0.97072E-01 mb
      0.1367    5.0      0.1561       0.67898     mb
      0.1009    4.0      0.1920       0.45499     mb


     Decay of   0.2869 MeV    1.0 level with final population    1.0772     mb
     Level populated     E.gamma     Intensity  

      0.0828   -1.0      0.2041       0.55402     mb
      0.0719    1.0      0.2150       0.40996     mb


     Decay of   0.2828 MeV    2.0 level with final population    2.9953     mb
     Level populated     E.gamma     Intensity  

      0.2494    2.0      0.0334       0.94398E-01 mb
      0.1808   -2.0      0.1020       0.16856     mb
      0.1624   -1.0      0.1204       0.45980     mb
      0.1348    1.0      0.1480       0.79087E-02 mb
      0.1226   -2.0      0.1603       0.12358     mb
      0.0828   -1.0      0.2000       0.46946     mb
      0.0719    1.0      0.2109       0.49431     mb
      0.0682    2.0      0.2146       0.17794     mb


     Decay of   0.2817 MeV    4.0 level with final population    2.2988     mb
     Level populated     E.gamma     Intensity  

      0.2393   -3.0      0.0424       0.11934     mb
      0.2141   -3.0      0.0676       0.18460E-01 mb
      0.2038    4.0      0.0779       0.10705     mb
      0.1297   -4.0      0.1520       0.28297E-01 mb
      0.0999    3.0      0.1817       0.20793E-01 mb
      0.0807   -4.0      0.2010       0.20178     mb
      0.0682    2.0      0.2135       0.35675E-01 mb
      0.0000   -3.0      0.2817        1.2304     mb


     Decay of   0.2794 MeV   -4.0 level with final population    2.3885     mb
     Level populated     E.gamma     Intensity  

      0.2141   -3.0      0.0653       0.23944     mb
      0.1755   -5.0      0.1039       0.22506E-01 mb
      0.1736   -3.0      0.1058       0.45016E-01 mb
      0.1226   -2.0      0.1568       0.13649     mb
      0.0999    3.0      0.1794       0.21073     mb


     Decay of   0.2790 MeV    0.0 level with final population   0.41629     mb
     Level populated     E.gamma     Intensity  

      0.1624   -1.0      0.1166       0.51664E-01 mb
      0.1348    1.0      0.1443       0.76370E-01 mb
      0.0719    1.0      0.2071       0.20923     mb


     Decay of   0.2785 MeV    2.0 level with final population    2.3740     mb
     Level populated     E.gamma     Intensity  

      0.2494    2.0      0.0291       0.10481     mb
      0.1808   -2.0      0.0977       0.12133E-01 mb
      0.1736   -3.0      0.1049       0.12685     mb
      0.1624   -1.0      0.1161       0.84921E-01 mb
      0.1348    1.0      0.1438       0.21238E-01 mb
      0.1226   -2.0      0.1560       0.96521E-01 mb
      0.0828   -1.0      0.1957       0.27584     mb
      0.0719    1.0      0.2066       0.17096     mb
      0.0682    2.0      0.2104       0.22333     mb


     Decay of   0.2767 MeV    7.0 level with final population    1.6252     mb
     Level populated     E.gamma     Intensity  

      0.1961    5.0      0.0806       0.24052     mb


     Decay of   0.2729 MeV   -5.0 level with final population    2.4837     mb
     Level populated     E.gamma     Intensity  

      0.2353   -4.0      0.0376       0.10138     mb
      0.2309   -4.0      0.0420       0.16576     mb
      0.1736   -3.0      0.0992       0.13263E-01 mb
      0.1274    4.0      0.1454       0.94718     mb
      0.0807   -4.0      0.1922       0.17050E-01 mb


     Decay of   0.2582 MeV    6.0 level with final population    2.8253     mb
     Level populated     E.gamma     Intensity  

      0.1923    5.0      0.0659       0.35762     mb
      0.1274    4.0      0.1308       0.11443     mb


     Decay of   0.2552 MeV    4.0 level with final population    2.6729     mb
     Level populated     E.gamma     Intensity  

      0.1755   -5.0      0.0797       0.73186E-01 mb
      0.1367    5.0      0.1185       0.86104     mb
      0.1297   -4.0      0.1255       0.26100     mb
      0.1009    4.0      0.1543       0.25832     mb


     Decay of   0.2518 MeV    3.0 level with final population    2.6805     mb
     Level populated     E.gamma     Intensity  

      0.1851    2.0      0.0668       0.20409     mb
      0.1736   -3.0      0.0782       0.18645E-01 mb
      0.1348    1.0      0.1170       0.36238E-01 mb
      0.1274    4.0      0.1244       0.35185     mb
      0.1226   -2.0      0.1293       0.19704     mb
      0.0999    3.0      0.1519       0.98519E-01 mb
      0.0719    1.0      0.1799       0.17594E-01 mb


     Decay of   0.2494 MeV    2.0 level with final population    4.0053     mb
     Level populated     E.gamma     Intensity  

      0.1808   -2.0      0.0686       0.10198     mb
      0.1624   -1.0      0.0870       0.20269     mb
      0.1226   -2.0      0.1269       0.75201     mb
      0.0828   -1.0      0.1666        1.2749     mb
      0.0719    1.0      0.1775       0.56085     mb
      0.0682    2.0      0.1812       0.39641     mb


     Decay of   0.2393 MeV   -3.0 level with final population    3.3947     mb
     Level populated     E.gamma     Intensity  

      0.1297   -4.0      0.1096       0.52133     mb
      0.1274    4.0      0.1119       0.33668E-01 mb
      0.1009    4.0      0.1384       0.35861E-01 mb
      0.0828   -1.0      0.1565       0.12414E-01 mb
      0.0807   -4.0      0.1586       0.16826     mb
      0.0682    2.0      0.1711       0.15585     mb
      0.0000   -3.0      0.2393        1.3792     mb


     Decay of   0.2353 MeV   -4.0 level with final population    3.8854     mb
     Level populated     E.gamma     Intensity  

      0.1923    5.0      0.0430       0.12045     mb
      0.1736   -3.0      0.0617       0.25885     mb
      0.1297   -4.0      0.1056       0.24666     mb
      0.1274    4.0      0.1078       0.32046E-01 mb
      0.1226   -2.0      0.1127       0.18586E-01 mb
      0.1009    4.0      0.1344       0.18579E-01 mb
      0.0999    3.0      0.1353       0.64074     mb


     Decay of   0.2309 MeV   -4.0 level with final population    6.1417     mb
     Level populated     E.gamma     Intensity  

      0.1736   -3.0      0.0573       0.39285     mb
      0.1297   -4.0      0.1012       0.29923     mb
      0.1274    4.0      0.1035       0.39283E-01 mb
      0.0999    3.0      0.1309        1.0071     mb


     Decay of   0.2298 MeV   -5.0 level with final population    3.3258     mb
     Level populated     E.gamma     Intensity  

      0.1755   -5.0      0.0543       0.23375     mb
      0.1367    5.0      0.0931       0.38320     mb


     Decay of   0.2195 MeV   -2.0 level with final population    2.5033     mb
     Level populated     E.gamma     Intensity  

      0.1009    4.0      0.1186       0.23358     mb


     Decay of   0.2141 MeV   -3.0 level with final population    5.0624     mb
     Level populated     E.gamma     Intensity  

      0.1808   -2.0      0.0333       0.22578     mb
      0.1297   -4.0      0.0844       0.33148E-01 mb
      0.1274    4.0      0.0866       0.39251     mb
      0.1226   -2.0      0.0915       0.78311E-01 mb
      0.1009    4.0      0.1132       0.23651E-01 mb
      0.0999    3.0      0.1141       0.64515E-01 mb
      0.0828   -1.0      0.1313       0.38001E-01 mb
      0.0682    2.0      0.1459        1.7918     mb


     Decay of   0.2038 MeV    4.0 level with final population    5.8899     mb
     Level populated     E.gamma     Intensity  

      0.1297   -4.0      0.0741       0.47694     mb
      0.1009    4.0      0.1030        1.8710     mb


     Decay of   0.1961 MeV    5.0 level with final population    5.7024     mb
     Level populated     E.gamma     Intensity  

      0.1367    5.0      0.0594       0.60088     mb


     Decay of   0.1923 MeV    5.0 level with final population    7.6364     mb
     Level populated     E.gamma     Intensity  

      0.1274    4.0      0.0649       0.98315     mb
      0.0999    3.0      0.0923       0.45234E-01 mb


     Decay of   0.1851 MeV    2.0 level with final population    4.6717     mb
     Level populated     E.gamma     Intensity  

      0.1348    1.0      0.0503       0.20287     mb
      0.0999    3.0      0.0851       0.28980     mb
      0.0828   -1.0      0.1022       0.11855     mb
      0.0719    1.0      0.1131       0.73028E-01 mb
      0.0682    2.0      0.1169       0.13912     mb


     Decay of   0.1808 MeV   -2.0 level with final population    6.0027     mb
     Level populated     E.gamma     Intensity  

      0.1348    1.0      0.0460       0.26067     mb
      0.0999    3.0      0.0809        1.3272     mb
      0.0719    1.0      0.1089        2.3697     mb
      0.0682    2.0      0.1126       0.58084     mb
      0.0000   -3.0      0.1808       0.26067E-01 mb


     Decay of   0.1807 MeV   -5.0 level with final population    6.6429     mb
     Level populated     E.gamma     Intensity  

      0.0807   -4.0      0.1001        2.3146     mb


     Decay of   0.1755 MeV   -5.0 level with final population    8.2211     mb
     Level populated     E.gamma     Intensity  

      0.1367    5.0      0.0388       0.58984     mb
      0.1297   -4.0      0.0458        1.4741     mb
      0.1009    4.0      0.0746       0.67972     mb


     Decay of   0.1736 MeV   -3.0 level with final population    11.354     mb
     Level populated     E.gamma     Intensity  

      0.1274    4.0      0.0462       0.41880     mb
      0.1226   -2.0      0.0510       0.64499     mb
      0.0999    3.0      0.0737       0.66177E-01 mb
      0.0682    2.0      0.1054       0.83766     mb


     Decay of   0.1624 MeV   -1.0 level with final population    4.9298     mb
     Level populated     E.gamma     Intensity  

      0.1226   -2.0      0.0399       0.69246E-01 mb
      0.0828   -1.0      0.0796       0.41546E-01 mb
      0.0719    1.0      0.0905        1.2266     mb
      0.0682    2.0      0.0943        1.9785     mb


     Decay of   0.1453 MeV   -8.0 level with final population    2.1248     mb
     Level populated     E.gamma     Intensity  

      0.1367    5.0      0.0086       0.50590E-07 mb


     Decay of   0.1367 MeV    5.0 level with final population    19.106     mb
     Level populated     E.gamma     Intensity  

      0.1009    4.0      0.0358        2.3300     mb


     Decay of   0.1348 MeV    1.0 level with final population    6.2495     mb
     Level populated     E.gamma     Intensity  

      0.0719    1.0      0.0629       0.35676     mb
      0.0682    2.0      0.0666       0.46951     mb


     Decay of   0.1297 MeV   -4.0 level with final population    17.747     mb
     Level populated     E.gamma     Intensity  

      0.1009    4.0      0.0288        6.9372     mb
      0.0000   -3.0      0.1297       0.10333     mb


     Decay of   0.1274 MeV    4.0 level with final population    17.495     mb
     Level populated     E.gamma     Intensity  

      0.0999    3.0      0.0275        1.1257     mb
      0.0682    2.0      0.0593       0.55161E-01 mb


     Decay of   0.1226 MeV   -2.0 level with final population    16.990     mb
     Level populated     E.gamma     Intensity  

      0.0828   -1.0      0.0397        2.9769     mb
      0.0719    1.0      0.0506       0.19351     mb
      0.0682    2.0      0.0544       0.22920     mb


     Decay of   0.1009 MeV    4.0 level with final population    57.235     mb
     Level populated     E.gamma     Intensity  

      0.0682    2.0      0.0327       0.81960E-01 mb
      0.0000   -3.0      0.1009        27.320     mb


     Decay of   0.0999 MeV    3.0 level with final population    29.997     mb
     Level populated     E.gamma     Intensity  

      0.0682    2.0      0.0318        3.0957     mb


     Decay of   0.0828 MeV   -1.0 level with final population    23.400     mb
     Level populated     E.gamma     Intensity  

      0.0719    1.0      0.0109       0.41750     mb
      0.0682    2.0      0.0147        1.2280     mb


     Decay of   0.0807 MeV   -4.0 level with final population    14.998     mb
     Level populated     E.gamma     Intensity  

      0.0000   -3.0      0.0807        3.3404     mb


     Decay of   0.0719 MeV    1.0 level with final population    24.974     mb
     Level populated     E.gamma     Intensity  

      0.0682    2.0      0.0037       0.29632E-01 mb


     Decay of   0.0682 MeV    2.0 level with final population    110.00     mb
     Level populated     E.gamma     Intensity  

      0.0000   -3.0      0.0682        61.109     mb

          ----------------------------------------

  63-Eu-154 production cross section   175.89     mb  reaction: (z,gamma)            
 Average total   life-time 0.39363E-15 s
 Average total   width     0.19109E-11 MeV
  
 Fission    cross section      0.0000     mb

 Incident energy (CMS)        0.993447247 MeV
 Shape elastic cross section  3995.8594 mb
 CN elastic cross section     373.18877 mb
 CN elastic angular distrib.  29.6974187 mb/str




 ****************************************************** gamma spectrum  ******************************************************


 Ener.      Spectr.     .1E+02                         .1E+03                         .1E+04                         .1E+05
  MeV       mb/MeV      I                              I                              I                              I 
                        ---------------------------------------------------------------------------------------------
   0.00    0.2635E+01  I                                                                                              I 
   0.10    0.1101E+04  I ***************************************************************                              I 
   0.19    0.7290E+03  I **********************************************************                                   I 
   0.29    0.3987E+03  I **************************************************                                           I 
   0.38    0.2999E+03  I **********************************************                                               I 
   0.48    0.2547E+03  I ********************************************                                                 I 
   0.57    0.2429E+03  I *******************************************                                                  I 
   0.67    0.2378E+03  I *******************************************                                                  I 
   0.77    0.2359E+03  I *******************************************                                                  I 
   0.86    0.2352E+03  I *******************************************                                                  I 
   0.96    0.2346E+03  I ******************************************                                                   I 
   1.05    0.2339E+03  I ******************************************                                                   I 
   1.15    0.2325E+03  I ******************************************                                                   I 
   1.24    0.2304E+03  I ******************************************                                                   I 
   1.34    0.2273E+03  I ******************************************                                                   I 
   1.44    0.2235E+03  I ******************************************                                                   I 
   1.53    0.2188E+03  I ******************************************                                                   I 
   1.63    0.2133E+03  I *****************************************                                                    I 
   1.72    0.2073E+03  I *****************************************                                                    I 
   1.82    0.2007E+03  I ****************************************                                                     I 
   1.92    0.1937E+03  I ****************************************                                                     I 
   2.01    0.1864E+03  I ***************************************                                                      I 
   2.11    0.1789E+03  I ***************************************                                                      I 
   2.20    0.1712E+03  I **************************************                                                       I 
   2.30    0.1634E+03  I **************************************                                                       I 
   2.39    0.1557E+03  I *************************************                                                        I 
   2.49    0.1480E+03  I ************************************                                                         I 
   2.59    0.1404E+03  I ************************************                                                         I 
   2.68    0.1329E+03  I ***********************************                                                          I 
   2.78    0.1256E+03  I **********************************                                                           I 
   2.87    0.1185E+03  I *********************************                                                            I 
   2.97    0.1116E+03  I ********************************                                                             I 
   3.06    0.1049E+03  I ********************************                                                             I 
   3.16    0.9024E+02  I ******************************                                                               I 
   3.26    0.8409E+02  I *****************************                                                                I 
   3.35    0.7824E+02  I ****************************                                                                 I 
   3.45    0.7270E+02  I ***************************                                                                  I 
   3.54    0.6747E+02  I **************************                                                                   I 
   3.64    0.6253E+02  I *************************                                                                    I 
   3.73    0.5789E+02  I ************************                                                                     I 
   3.83    0.5352E+02  I ***********************                                                                      I 
   3.93    0.4943E+02  I **********************                                                                       I 
   4.02    0.4565E+02  I ********************                                                                         I 
   4.12    0.4212E+02  I *******************                                                                          I 
   4.21    0.3878E+02  I ******************                                                                           I 
   4.31    0.3561E+02  I *****************                                                                            I 
   4.40    0.3262E+02  I ****************                                                                             I 
   4.50    0.2985E+02  I ***************                                                                              I 
   4.60    0.2728E+02  I **************                                                                               I 
   4.69    0.2491E+02  I ************                                                                                 I 
   4.79    0.2272E+02  I ***********                                                                                  I 
   4.88    0.2070E+02  I **********                                                                                   I 
   4.98    0.1884E+02  I *********                                                                                    I 
   5.07    0.1713E+02  I *******                                                                                      I 
   5.17    0.1556E+02  I ******                                                                                       I 
   5.27    0.1412E+02  I *****                                                                                        I 
   5.36    0.1279E+02  I ***                                                                                          I 
   5.46    0.1158E+02  I **                                                                                           I 
   5.55    0.1048E+02  I *                                                                                            I 
   5.65    0.9466E+01  I                                                                                              I 
   5.75    0.8545E+01  I                                                                                              I 
   5.84    0.7705E+01  I                                                                                              I 
   5.94    0.6941E+01  I                                                                                              I 
   6.03    0.6248E+01  I                                                                                              I 
   6.13    0.5616E+01  I                                                                                              I 
   6.22    0.5038E+01  I                                                                                              I 
   6.32    0.4515E+01  I                                                                                              I 
   6.42    0.4049E+01  I                                                                                              I 
   6.51    0.3634E+01  I                                                                                              I 
   6.61    0.3266E+01  I                                                                                              I 
   6.70    0.2936E+01  I                                                                                              I 
   6.80    0.2636E+01  I                                                                                              I 
   6.89    0.2363E+01  I                                                                                              I 
   6.99    0.2113E+01  I                                                                                              I 
   7.09    0.2328E+01  I                                                                                              I 
   7.18    0.2407E+01  I                                                                                              I 
   7.28    0.1930E+01  I                                                                                              I 
   7.37    0.9312E+00  I                                                                                              I 
   7.47    0.1998E+00  I                                                                                              I 
   7.56    0.0000E+00  I                                                                                              I 
   7.66    0.0000E+00  I                                                                                              I 
                        ---------------------------------------------------------------------------------------------
  Integrated spectrum   862.673839 mb
  g  emission cross section  862.67     mb



 ****************************************************** neutron spectrum  ******************************************************


 Ener.      Spectr.     .1E+02                         .1E+03                         .1E+04                         .1E+05
  MeV       mb/MeV      I                              I                              I                              I 
                        ---------------------------------------------------------------------------------------------
   0.00    0.9370E+01  I                                                                                              I 
   0.10    0.1816E+04  I **********************************************************************                       I 
   0.19    0.2437E+04  I **************************************************************************                   I 
   0.29    0.3386E+04  I ******************************************************************************               I 
   0.38    0.3236E+04  I ******************************************************************************               I 
   0.48    0.1703E+04  I *********************************************************************                        I 
   0.57    0.2260E+04  I *************************************************************************                    I 
   0.67    0.2016E+04  I ***********************************************************************                      I 
   0.77    0.3500E+04  I *******************************************************************************              I 
   0.86    0.5734E+04  I **************************************************************************************       I 
   0.96    0.5091E+04  I ************************************************************************************         I 
   1.05    0.1460E+04  I *******************************************************************                          I 
   1.15    0.0000E+00  I                                                                                              I 
   1.24    0.0000E+00  I                                                                                              I 
                        ---------------------------------------------------------------------------------------------
  Integrated spectrum   3125.65123 mb
  n  emission cross section  3125.7     mb
  p  emission cross section  0.0000     mb



 ******************************************************   4-He spectrum  ******************************************************





 ****************************************************** alpha  spectrum  ******************************************************


 Ener.      Spectr.     .1E-07                         .1E-06                         .1E-05                         .1E-04
  MeV       mb/MeV      I                              I                              I                              I 
                        ---------------------------------------------------------------------------------------------
   0.00    0.0000E+00  I                                                                                              I 
   0.10    0.0000E+00  I                                                                                              I 
   0.19    0.0000E+00  I                                                                                              I 
   0.29    0.0000E+00  I                                                                                              I 
   0.38    0.0000E+00  I                                                                                              I 
   0.48    0.0000E+00  I                                                                                              I 
   0.57    0.0000E+00  I                                                                                              I 
   0.67    0.0000E+00  I                                                                                              I 
   0.77    0.0000E+00  I                                                                                              I 
   0.86    0.0000E+00  I                                                                                              I 
   0.96    0.0000E+00  I                                                                                              I 
   1.05    0.0000E+00  I                                                                                              I 
   1.15    0.0000E+00  I                                                                                              I 
   1.24    0.0000E+00  I                                                                                              I 
   1.34    0.0000E+00  I                                                                                              I 
   1.44    0.0000E+00  I                                                                                              I 
   1.53    0.0000E+00  I                                                                                              I 
   1.63    0.0000E+00  I                                                                                              I 
   1.72    0.0000E+00  I                                                                                              I 
   1.82    0.0000E+00  I                                                                                              I 
   1.92    0.0000E+00  I                                                                                              I 
   2.01    0.0000E+00  I                                                                                              I 
   2.11    0.0000E+00  I                                                                                              I 
   2.20    0.0000E+00  I                                                                                              I 
   2.30    0.0000E+00  I                                                                                              I 
   2.39    0.0000E+00  I                                                                                              I 
   2.49    0.0000E+00  I                                                                                              I 
   2.59    0.0000E+00  I                                                                                              I 
   2.68    0.0000E+00  I                                                                                              I 
   2.78    0.0000E+00  I                                                                                              I 
   2.87    0.0000E+00  I                                                                                              I 
   2.97    0.0000E+00  I                                                                                              I 
   3.06    0.0000E+00  I                                                                                              I 
   3.16    0.0000E+00  I                                                                                              I 
   3.26    0.0000E+00  I                                                                                              I 
   3.35    0.0000E+00  I                                                                                              I 
   3.45    0.0000E+00  I                                                                                              I 
   3.54    0.0000E+00  I                                                                                              I 
   3.64    0.0000E+00  I                                                                                              I 
   3.73    0.0000E+00  I                                                                                              I 
   3.83    0.0000E+00  I                                                                                              I 
   3.93    0.0000E+00  I                                                                                              I 
   4.02    0.0000E+00  I                                                                                              I 
   4.12    0.0000E+00  I                                                                                              I 
   4.21    0.0000E+00  I                                                                                              I 
   4.31    0.0000E+00  I                                                                                              I 
   4.40    0.0000E+00  I                                                                                              I 
   4.50    0.0000E+00  I                                                                                              I 
   4.60    0.0000E+00  I                                                                                              I 
   4.69    0.0000E+00  I                                                                                              I 
   4.79    0.0000E+00  I                                                                                              I 
   4.88    0.0000E+00  I                                                                                              I 
   4.98    0.0000E+00  I                                                                                              I 
   5.07    0.0000E+00  I                                                                                              I 
   5.17    0.0000E+00  I                                                                                              I 
   5.27    0.0000E+00  I                                                                                              I 
   5.36    0.0000E+00  I                                                                                              I 
   5.46    0.0000E+00  I                                                                                              I 
   5.55    0.0000E+00  I                                                                                              I 
   5.65    0.0000E+00  I                                                                                              I 
   5.75    0.0000E+00  I                                                                                              I 
   5.84    0.0000E+00  I                                                                                              I 
   5.94    0.0000E+00  I                                                                                              I 
   6.03    0.0000E+00  I                                                                                              I 
   6.13    0.0000E+00  I                                                                                              I 
   6.22    0.0000E+00  I                                                                                              I 
   6.32    0.0000E+00  I                                                                                              I 
   6.42   -0.2622E-24  I                                                                                              I 
   6.51    0.5272E-06  I *****************************************************                                        I 
   6.61    0.6929E-06  I *********************************************************                                    I 
   6.70    0.8958E-06  I *************************************************************                                I 
   6.80    0.6652E-06  I *********************************************************                                    I 
   6.89    0.2748E-06  I *********************************************                                                I 
   6.99    0.0000E+00  I                                                                                              I 
   7.09    0.0000E+00  I                                                                                              I 
                        ---------------------------------------------------------------------------------------------
  Integrated spectrum   2.92600751E-07 mb
  He emission cross section 0.29260E-06 mb
  
  
  -------------------------------------
  2  Decaying nucleus 153-Eu
  -------------------------------------
  
 Gamma transitions parameters

          E1            E2            M1 

 TE       1.00         1.00         1.00
 CE       0.010        0.100        0.100
 E1      12.26        11.78         7.67
 W1       2.66         4.27         4.00
 D1     200.34         3.61         1.00
 E2      15.56
 W2       4.90
 D2     240.49

       (1-TE)*Weiss. + TE*GMR



 Population left because too small   0.0000    


          Discrete level population

          ----------------------------------------

           1    0.0000    1     2.5    400.580    
           2    0.0834    1     3.5    390.199    
           3    0.0974   -1     2.5    134.471    
           4    0.1032    1     1.5    152.157    
           5    0.1516   -1     3.5    119.923    
           6    0.1729    1     2.5    177.209    
           7    0.1931    1     4.5    203.187    
           8    0.2353   -1     4.5    77.4088    
           9    0.2697    1     3.5    152.667    
          10    0.3219   -1     5.5    35.3851    
          11    0.3251    1     5.5    78.9112    
          12    0.3964    1     4.5    97.9275    
          13    0.4033   -1     1.5    52.1680    
          14    0.4426    1     4.5    89.2065    
          15    0.4481   -1     3.5    57.8477    
          16    0.4779   -1     6.5    8.61141    
          17    0.4810    1     6.5    19.8444    
          18    0.5379    1     5.5    39.0367    
          19    0.5525    1     5.5    37.5187    
          20    0.5597   -1     5.5    16.4349    
          21    0.5693    1     2.5    83.1297    
          22    0.5850    1     1.5    59.3327    
          23    0.5895   -1     7.5   0.886361    
          24    0.6172    1     3.5    75.1091    
          25    0.6346   -1     1.5    26.8134    
          26    0.6365    1     2.5    70.5084    
          27    0.6416   -1     5.5    12.3361    
          28    0.6547    1     7.5    2.49022    
          29    0.6577    1     1.5    49.1488    
          30    0.6818   -1     1.5    23.1125    
          31    0.6942    1     2.5    60.5274    
          32    0.7010   -1     2.5    28.9628    
          33    0.7066    1     2.5    58.3906    
          34    0.7111   -1     4.5    19.4149    
          35    0.7128   -1     1.5    20.8427    
          36    0.7162    1     6.5    4.87256    
          37    0.7186   -1     0.5    9.85005    
          38    0.7269   -1     2.5    26.6285    
          39    0.7326   -1     6.5    3.07926    
          40    0.7604    1     1.5    36.5334    
          41    0.7638   -1     3.5    23.4782    
          42    0.7830   -1     3.5    21.7998    
          43    0.7889    1     3.5    47.1909    
          44    0.7971   -1     2.5    20.5190    




 ***************************
 Discrete gamma transitions 
 ***************************




     Decay of   0.7971 MeV   -2.5 level with final population    20.519     mb
     Level populated     E.gamma     Intensity  

      0.7066    2.5      0.0905        9.3454     mb
      0.6942    2.5      0.1030        6.0752     mb


     Level of energy    0.7889 MeV and spin    3.5 with population    47.191     mb is not depopulated (g.s. transition assumed)


     Level of energy    0.7830 MeV and spin   -3.5 with population    21.800     mb is not depopulated (g.s. transition assumed)


     Decay of   0.7638 MeV   -3.5 level with final population    23.478     mb
     Level populated     E.gamma     Intensity  

      0.0000    2.5      0.7638        23.437     mb


     Decay of   0.7604 MeV    1.5 level with final population    36.533     mb
     Level populated     E.gamma     Intensity  

      0.6346   -1.5      0.1258        29.013     mb
      0.1729    2.5      0.5875        1.1604     mb
      0.1032    1.5      0.6572        1.3926     mb
      0.0974   -2.5      0.6630       0.27560     mb
      0.0834    3.5      0.6770       0.34817E-01 mb
      0.0000    2.5      0.7604       0.87045E-01 mb


     Level of energy    0.7326 MeV and spin   -6.5 with population    3.0793     mb is not depopulated (g.s. transition assumed)


     Level of energy    0.7269 MeV and spin   -2.5 with population    26.629     mb is not depopulated (g.s. transition assumed)


     Decay of   0.7186 MeV   -0.5 level with final population    9.8501     mb
     Level populated     E.gamma     Intensity  

      0.1729    2.5      0.5457        5.2415     mb
      0.1032    1.5      0.6154        4.1933     mb
      0.0000    2.5      0.7186       0.10479     mb


     Decay of   0.7162 MeV    6.5 level with final population    4.8726     mb
     Level populated     E.gamma     Intensity  

      0.5379    5.5      0.1782        1.1501     mb
      0.3964    4.5      0.3198        1.7694     mb
      0.3219   -5.5      0.3943        1.4331     mb


     Decay of   0.7128 MeV   -1.5 level with final population    20.843     mb
     Level populated     E.gamma     Intensity  

      0.2697    3.5      0.4431       0.69732E-02 mb
      0.1032    1.5      0.6096        19.369     mb
      0.0974   -2.5      0.6154        1.2202     mb
      0.0834    3.5      0.6294       0.16851     mb


     Decay of   0.7111 MeV   -4.5 level with final population    19.415     mb
     Level populated     E.gamma     Intensity  

      0.1931    4.5      0.5180        10.078     mb
      0.0834    3.5      0.6277        9.2713     mb


     Decay of   0.7066 MeV    2.5 level with final population    71.229     mb
     Level populated     E.gamma     Intensity  

      0.2697    3.5      0.4369        5.6326     mb
      0.1516   -3.5      0.5550        15.865     mb
      0.1032    1.5      0.6034        9.5222     mb
      0.0974   -2.5      0.6092        39.669     mb
      0.0000    2.5      0.7066       0.47604E-01 mb


     Decay of   0.7010 MeV   -2.5 level with final population    28.963     mb
     Level populated     E.gamma     Intensity  

      0.1032    1.5      0.5979        7.4940     mb
      0.0974   -2.5      0.6036        15.616     mb
      0.0834    3.5      0.6177        5.4649     mb
      0.0000    2.5      0.7010       0.12648     mb


     Decay of   0.6942 MeV    2.5 level with final population    68.208     mb
     Level populated     E.gamma     Intensity  

      0.2697    3.5      0.4244        6.2247     mb
      0.1729    2.5      0.5213        20.234     mb
      0.1516   -3.5      0.5425        7.3123     mb
      0.1032    1.5      0.5910        2.4585     mb
      0.0974   -2.5      0.5967        31.125     mb
      0.0000    2.5      0.6942       0.52911E-01 mb


     Decay of   0.6818 MeV   -1.5 level with final population    23.112     mb
     Level populated     E.gamma     Intensity  

      0.2697    3.5      0.4121        4.9620     mb
      0.1729    2.5      0.5090        5.1028     mb
      0.1032    1.5      0.5787        7.0872     mb
      0.0974   -2.5      0.5844        1.8499     mb
      0.0834    3.5      0.5985        3.1884     mb
      0.0000    2.5      0.6818       0.29773E-01 mb


     Decay of   0.6577 MeV    1.5 level with final population    49.149     mb
     Level populated     E.gamma     Intensity  

      0.1729    2.5      0.4848        21.468     mb
      0.0834    3.5      0.5743        5.3677     mb
      0.0000    2.5      0.6577        21.466     mb


     Decay of   0.6547 MeV    7.5 level with final population    2.4902     mb
     Level populated     E.gamma     Intensity  

      0.4810    6.5      0.1736       0.12635     mb
      0.3251    5.5      0.3296        2.2165     mb


     Decay of   0.6416 MeV   -5.5 level with final population    12.336     mb
     Level populated     E.gamma     Intensity  

      0.5597   -5.5      0.0818        1.6821     mb
      0.4426    4.5      0.1990        4.8066     mb


     Decay of   0.6365 MeV    2.5 level with final population    70.508     mb
     Level populated     E.gamma     Intensity  

      0.1729    2.5      0.4637        15.592     mb
      0.1032    1.5      0.5333        31.820     mb
      0.0974   -2.5      0.5391        20.050     mb
      0.0000    2.5      0.6365        1.8774     mb


     Decay of   0.6346 MeV   -1.5 level with final population    60.361     mb
     Level populated     E.gamma     Intensity  

      0.1729    2.5      0.4617        1.2883     mb
      0.1032    1.5      0.5314        58.566     mb
      0.0000    2.5      0.6346       0.27525     mb


     Decay of   0.6172 MeV    3.5 level with final population    75.109     mb
     Level populated     E.gamma     Intensity  

      0.0834    3.5      0.5338        30.441     mb
      0.0000    2.5      0.6172        43.485     mb


     Decay of   0.5895 MeV   -7.5 level with final population   0.88636     mb
     Level populated     E.gamma     Intensity  

      0.4033   -1.5      0.1862       0.39701E-01 mb
      0.2697    3.5      0.3198       0.17261     mb


     Decay of   0.5850 MeV    1.5 level with final population    59.333     mb
     Level populated     E.gamma     Intensity  

      0.1729    2.5      0.4122        49.957     mb
      0.0974   -2.5      0.4876        7.3932     mb


     Decay of   0.5693 MeV    2.5 level with final population    83.130     mb
     Level populated     E.gamma     Intensity  

      0.0834    3.5      0.4859        16.844     mb
      0.0000    2.5      0.5693        64.782     mb


     Decay of   0.5597 MeV   -5.5 level with final population    23.750     mb
     Level populated     E.gamma     Intensity  

      0.4481   -3.5      0.1116        5.1318     mb
      0.3219   -5.5      0.2379        8.6975     mb


     Decay of   0.5525 MeV    5.5 level with final population    37.519     mb
     Level populated     E.gamma     Intensity  

      0.4779   -6.5      0.0745        1.9974     mb
      0.4481   -3.5      0.1043        1.2015     mb
      0.1931    4.5      0.3594        13.496     mb


     Decay of   0.5379 MeV    5.5 level with final population    40.610     mb
     Level populated     E.gamma     Intensity  

      0.3964    4.5      0.1415        10.460     mb
      0.3219   -5.5      0.2161        1.5690     mb
      0.2697    3.5      0.2682        10.460     mb
      0.2353   -4.5      0.3027        9.7262     mb


     Decay of   0.4810 MeV    6.5 level with final population    20.021     mb
     Level populated     E.gamma     Intensity  

      0.3251    5.5      0.1560        1.3280     mb
      0.3219   -5.5      0.1592        2.2335     mb
      0.1931    4.5      0.2880        14.599     mb


     Decay of   0.4779 MeV   -6.5 level with final population    11.868     mb
     Level populated     E.gamma     Intensity  

      0.3251    5.5      0.1529       0.81128     mb
      0.3219   -5.5      0.1561        4.7718     mb
      0.2353   -4.5      0.2426        3.2932     mb


     Decay of   0.4481 MeV   -3.5 level with final population    91.463     mb
     Level populated     E.gamma     Intensity  

      0.3251    5.5      0.1231        9.4873     mb
      0.1931    4.5      0.2551        1.4705     mb


     Decay of   0.4426 MeV    4.5 level with final population    94.227     mb
     Level populated     E.gamma     Intensity  

      0.4033   -1.5      0.0393       0.12578E-01 mb
      0.2697    3.5      0.1729       0.22642E-02 mb
      0.1931    4.5      0.2496       0.11824E-01 mb


     Decay of   0.4033 MeV   -1.5 level with final population    146.42     mb
     Level populated     E.gamma     Intensity  

      0.0974   -2.5      0.3059        134.94     mb


     Decay of   0.3964 MeV    4.5 level with final population    117.57     mb
     Level populated     E.gamma     Intensity  

      0.3219   -5.5      0.0745       0.69913     mb
      0.2697    3.5      0.1267        38.841     mb
      0.2353   -4.5      0.1611        1.4760     mb
      0.1729    2.5      0.2235        18.254     mb
      0.1516   -3.5      0.2448        17.362     mb


     Decay of   0.3251 MeV    5.5 level with final population    174.10     mb
     Level populated     E.gamma     Intensity  

      0.2353   -4.5      0.0898        13.593     mb
      0.1931    4.5      0.1320        15.623     mb
      0.0834    3.5      0.2417        113.24     mb


     Decay of   0.3219 MeV   -5.5 level with final population    59.473     mb
     Level populated     E.gamma     Intensity  

      0.2353   -4.5      0.0866        12.329     mb
      0.1931    4.5      0.1288        6.5348     mb
      0.1516   -3.5      0.1702        3.3415     mb


     Decay of   0.2697 MeV    3.5 level with final population    258.81     mb
     Level populated     E.gamma     Intensity  

      0.1729    2.5      0.0969        75.533     mb
      0.1516   -3.5      0.1181        4.3810     mb
      0.1032    1.5      0.1666        10.346     mb
      0.0974   -2.5      0.1723        7.7798     mb


     Decay of   0.2353 MeV   -4.5 level with final population    158.74     mb
     Level populated     E.gamma     Intensity  

      0.1931    4.5      0.0422       0.64183     mb
      0.1516   -3.5      0.0837        28.036     mb
      0.0974   -2.5      0.1378        2.6681     mb
      0.0834    3.5      0.1519        33.772     mb


     Decay of   0.1931 MeV    4.5 level with final population    282.01     mb
     Level populated     E.gamma     Intensity  

      0.0834    3.5      0.1097        46.813     mb
      0.0000    2.5      0.1931        134.89     mb


     Decay of   0.1729 MeV    2.5 level with final population    552.78     mb
     Level populated     E.gamma     Intensity  

      0.1032    1.5      0.0697        83.519     mb
      0.0974   -2.5      0.0754        2.9231     mb
      0.0834    3.5      0.0895        2.7563     mb
      0.0000    2.5      0.1729        1.3531     mb


     Decay of   0.1516 MeV   -3.5 level with final population    286.91     mb
     Level populated     E.gamma     Intensity  

      0.0974   -2.5      0.0542        13.457     mb
      0.0834    3.5      0.0683        10.574     mb
      0.0000    2.5      0.1516        96.131     mb


     Decay of   0.1032 MeV    1.5 level with final population    845.91     mb
     Level populated     E.gamma     Intensity  

      0.0000    2.5      0.1032        309.86     mb


     Decay of   0.0974 MeV   -2.5 level with final population    579.25     mb
     Level populated     E.gamma     Intensity  

      0.0834    3.5      0.0141       0.26442     mb
      0.0000    2.5      0.0974        440.72     mb


     Decay of   0.0834 MeV    3.5 level with final population    772.01     mb
     Level populated     E.gamma     Intensity  

      0.0000    2.5      0.0834        160.17     mb

          ----------------------------------------

  63-Eu-153 production cross section   3125.7     mb  reaction: (z,n)                
 Average total   life-time 0.61779E-13 s
 Average total   width     0.29470E-10 MeV
  
 Fission    cross section      0.0000     mb



 ****************************************************** gamma spectrum  ******************************************************


 Ener.      Spectr.     .1E+03                         .1E+04                         .1E+05                         .1E+06
  MeV       mb/MeV      I                              I                              I                              I 
                        ---------------------------------------------------------------------------------------------
   0.00    0.4026E+00  I                                                                                              I 
   0.10    0.3583E+04  I ************************************************                                             I 
   0.19    0.1223E+05  I *****************************************************************                            I 
   0.29    0.3345E+04  I ***********************************************                                              I 
   0.38    0.1978E+04  I ****************************************                                                     I 
   0.48    0.1133E+04  I *********************************                                                            I 
   0.57    0.3718E+04  I *************************************************                                            I 
   0.67    0.3148E+04  I **********************************************                                               I 
   0.77    0.1442E+04  I ************************************                                                         I 
   0.86    0.1087E+04  I ********************************                                                             I 
   0.96    0.6221E+02  I                                                                                              I 
   1.05    0.0000E+00  I                                                                                              I 
   1.15    0.0000E+00  I                                                                                              I 
                        ---------------------------------------------------------------------------------------------
  Integrated spectrum   3038.07581 mb
  g  emission cross section  3038.1     mb
  n  emission cross section  0.0000     mb
  p  emission cross section  0.0000     mb
  He emission cross section  0.0000     mb
  
  Total fission cross section   0.0000     mb
  
  CALCULATIONS COMPLETED SUCCESSFULLY
 .
  Calculation time:   0 min 22 s
